
> vite_react_shadcn_ts@0.0.0 build
> vite build

[36mvite v5.4.21 [32mbuilding for production...[36m[39m
transforming...
[32m✓[39m 1691 modules transformed.
rendering chunks...
computing gzip size...
[2mdist/[22m[32mindex.html                 [39m[1m[2m  1.42 kB[22m[1m[22m[2m │ gzip:   0.64 kB[22m
[2mdist/[22m[35massets/index-ByQpKaj5.css  [39m[1m[2m 35.45 kB[22m[1m[22m[2m │ gzip:   7.14 kB[22m
[2mdist/[22m[36massets/index-uLHj9pGs.js   [39m[1m[2m360.95 kB[22m[1m[22m[2m │ gzip: 112.58 kB[22m
[32m✓ built in 6.18s[39m
